// Vitest Snapshot v1, https://vitest.dev/guide/snapshot.html

exports[`how a fight opens > kanto classics 1`] = `
[
  "b Alakazam: Psychic",
  "a Gengar: Shadow Ball",
  "b Blastoise: Yawn",
  "a Clefable: Moonblast",
  "b Machamp: Close Combat",
  "a Snorlax: Protect",
  "a Snorlax: Substitute",
  "b Blastoise: Toxic",
  "a Clefable: Wish",
  "b Machamp: Light Screen",
  "a Snorlax: Earthquake",
  "b Blastoise: Surf",
  "a Clefable: Soft-Boiled",
  "b Machamp: Wide Guard",
]
`;

exports[`how a fight opens > walls against sweepers 1`] = `
[
  "a Starmie: Power Gem",
  "b Charizard: Fire Blast",
  "a Venusaur: Toxic",
  "b Gyarados: Dragon Dance",
  "a Skarmory: Protect",
  "b Tyranitar: Thunder Wave",
  "a Skarmory: Steel Wing",
  "a Starmie: Ice Beam",
  "a Venusaur: Sleep Powder",
  "b Gyarados: Iron Head",
  "b Tyranitar: Screech",
  "a Skarmory: Drill Peck",
]
`;
