// Vitest Snapshot v1, https://vitest.dev/guide/snapshot.html

exports[`how a fight opens > kanto classics 1`] = `
[
  "b Alakazam: Psychic",
  "b Machamp: Close Combat",
  "b Blastoise: Yawn",
  "a Gengar: Shadow Ball",
  "a Snorlax: Protect",
  "a Clefable: Helping Hand",
  "a Clefable: Misty Explosion",
  "a Snorlax: Heat Crash",
  "b Blastoise: Toxic",
  "b Machamp: Light Screen",
  "a Clefable: Soft-Boiled",
  "a Snorlax: Substitute",
]
`;

exports[`how a fight opens > walls against sweepers 1`] = `
[
  "a Starmie: Power Gem",
  "a Venusaur: Toxic",
  "b Charizard: Fire Blast",
  "b Gyarados: Power Whip",
  "b Tyranitar: Thunder Wave",
  "a Skarmory: Protect",
  "a Skarmory: Iron Head",
  "a Venusaur: Leaf Storm",
  "b Gyarados: Dragon Dance",
  "b Tyranitar: Screech",
  "a Skarmory: Drill Peck",
  "a Venusaur: Sleep Powder",
  "b Gyarados: Aqua Tail",
]
`;
